src/data/pokemon/species_data_defines.h:54 expected '"' or '<'